[2025-06-07 09:44:26Z INFO HostContext] No proxy settings were found based on environmental variables (http_proxy/https_proxy/HTTP_PROXY/HTTPS_PROXY)
[2025-06-07 09:44:26Z INFO HostContext] Well known directory 'Bin': 'C:\Users\yanni\Projects\lab5_github\actions-runner\bin'
[2025-06-07 09:44:26Z INFO HostContext] Well known directory 'Root': 'C:\Users\yanni\Projects\lab5_github\actions-runner'
[2025-06-07 09:44:26Z INFO HostContext] Well known config file 'Credentials': 'C:\Users\yanni\Projects\lab5_github\actions-runner\.credentials'
[2025-06-07 09:44:26Z INFO HostContext] Well known directory 'Bin': 'C:\Users\yanni\Projects\lab5_github\actions-runner\bin'
[2025-06-07 09:44:26Z INFO HostContext] Well known directory 'Root': 'C:\Users\yanni\Projects\lab5_github\actions-runner'
[2025-06-07 09:44:26Z INFO HostContext] Well known config file 'Runner': 'C:\Users\yanni\Projects\lab5_github\actions-runner\.runner'
[2025-06-07 09:44:26Z INFO Listener] Runner is built for Windows (X64) - win-x64.
[2025-06-07 09:44:26Z INFO Listener] RuntimeInformation: Microsoft Windows 10.0.26100.
[2025-06-07 09:44:26Z INFO Listener] Version: 2.311.0
[2025-06-07 09:44:26Z INFO Listener] Commit: f5cff308c83746dddd726a9a28a1583872305aaa
[2025-06-07 09:44:26Z INFO Listener] Culture: en-BE
[2025-06-07 09:44:26Z INFO Listener] UI Culture: en-US
[2025-06-07 09:44:26Z INFO HostContext] Well known directory 'Bin': 'C:\Users\yanni\Projects\lab5_github\actions-runner\bin'
[2025-06-07 09:44:26Z INFO HostContext] Well known directory 'Root': 'C:\Users\yanni\Projects\lab5_github\actions-runner'
[2025-06-07 09:44:26Z INFO Listener] Validating directory permissions for: 'C:\Users\yanni\Projects\lab5_github\actions-runner'
[2025-06-07 09:44:26Z INFO CommandLineParser] Parse
[2025-06-07 09:44:26Z INFO CommandLineParser] Parsing 1 args
[2025-06-07 09:44:26Z INFO CommandLineParser] parsing argument
[2025-06-07 09:44:26Z INFO CommandLineParser] HasArgs: False
[2025-06-07 09:44:26Z INFO CommandLineParser] Adding Command: run
[2025-06-07 09:44:26Z INFO Listener] Arguments parsed
[2025-06-07 09:44:26Z INFO Runner] ExecuteCommand
[2025-06-07 09:44:26Z INFO ConfigurationStore] currentAssemblyLocation: C:\Users\yanni\Projects\lab5_github\actions-runner\bin\Runner.Listener.dll
[2025-06-07 09:44:26Z INFO HostContext] Well known directory 'Bin': 'C:\Users\yanni\Projects\lab5_github\actions-runner\bin'
[2025-06-07 09:44:26Z INFO ConfigurationStore] binPath: C:\Users\yanni\Projects\lab5_github\actions-runner\bin
[2025-06-07 09:44:26Z INFO HostContext] Well known directory 'Bin': 'C:\Users\yanni\Projects\lab5_github\actions-runner\bin'
[2025-06-07 09:44:26Z INFO HostContext] Well known directory 'Root': 'C:\Users\yanni\Projects\lab5_github\actions-runner'
[2025-06-07 09:44:26Z INFO ConfigurationStore] RootFolder: C:\Users\yanni\Projects\lab5_github\actions-runner
[2025-06-07 09:44:26Z INFO HostContext] Well known directory 'Bin': 'C:\Users\yanni\Projects\lab5_github\actions-runner\bin'
[2025-06-07 09:44:26Z INFO HostContext] Well known directory 'Root': 'C:\Users\yanni\Projects\lab5_github\actions-runner'
[2025-06-07 09:44:26Z INFO HostContext] Well known config file 'Runner': 'C:\Users\yanni\Projects\lab5_github\actions-runner\.runner'
[2025-06-07 09:44:26Z INFO ConfigurationStore] ConfigFilePath: C:\Users\yanni\Projects\lab5_github\actions-runner\.runner
[2025-06-07 09:44:26Z INFO HostContext] Well known directory 'Bin': 'C:\Users\yanni\Projects\lab5_github\actions-runner\bin'
[2025-06-07 09:44:26Z INFO HostContext] Well known directory 'Root': 'C:\Users\yanni\Projects\lab5_github\actions-runner'
[2025-06-07 09:44:26Z INFO HostContext] Well known config file 'Credentials': 'C:\Users\yanni\Projects\lab5_github\actions-runner\.credentials'
[2025-06-07 09:44:26Z INFO ConfigurationStore] CredFilePath: C:\Users\yanni\Projects\lab5_github\actions-runner\.credentials
[2025-06-07 09:44:26Z INFO HostContext] Well known directory 'Bin': 'C:\Users\yanni\Projects\lab5_github\actions-runner\bin'
[2025-06-07 09:44:26Z INFO HostContext] Well known directory 'Root': 'C:\Users\yanni\Projects\lab5_github\actions-runner'
[2025-06-07 09:44:26Z INFO HostContext] Well known config file 'MigratedCredentials': 'C:\Users\yanni\Projects\lab5_github\actions-runner\.credentials_migrated'
[2025-06-07 09:44:26Z INFO ConfigurationStore] MigratedCredFilePath: C:\Users\yanni\Projects\lab5_github\actions-runner\.credentials_migrated
[2025-06-07 09:44:26Z INFO HostContext] Well known directory 'Bin': 'C:\Users\yanni\Projects\lab5_github\actions-runner\bin'
[2025-06-07 09:44:26Z INFO HostContext] Well known directory 'Root': 'C:\Users\yanni\Projects\lab5_github\actions-runner'
[2025-06-07 09:44:26Z INFO HostContext] Well known config file 'Service': 'C:\Users\yanni\Projects\lab5_github\actions-runner\.service'
[2025-06-07 09:44:26Z INFO ConfigurationStore] ServiceConfigFilePath: C:\Users\yanni\Projects\lab5_github\actions-runner\.service
[2025-06-07 09:44:26Z INFO CommandSettings] Flag 'help': 'False'
[2025-06-07 09:44:26Z INFO CommandSettings] Flag 'version': 'False'
[2025-06-07 09:44:26Z INFO CommandSettings] Flag 'commit': 'False'
[2025-06-07 09:44:26Z INFO CommandSettings] Flag 'check': 'False'
[2025-06-07 09:44:26Z INFO CommandSettings] Command 'configure': 'False'
[2025-06-07 09:44:26Z INFO CommandSettings] Command 'remove': 'False'
[2025-06-07 09:44:26Z INFO CommandSettings] Command 'warmup': 'False'
[2025-06-07 09:44:26Z INFO ConfigurationManager] LoadSettings
[2025-06-07 09:44:26Z INFO ConfigurationStore] IsConfigured()
[2025-06-07 09:44:26Z INFO ConfigurationStore] IsConfigured: True
[2025-06-07 09:44:26Z INFO ConfigurationManager] Is configured: True
[2025-06-07 09:44:26Z INFO ConfigurationStore] Read setting file: 311 chars
[2025-06-07 09:44:26Z INFO ConfigurationManager] Settings Loaded
[2025-06-07 09:44:26Z INFO ConfigurationStore] IsServiceConfigured()
[2025-06-07 09:44:26Z INFO ConfigurationStore] IsServiceConfigured: False
[2025-06-07 09:44:26Z INFO CommandSettings] Command 'run': 'True'
[2025-06-07 09:44:26Z INFO ConfigurationStore] IsConfigured()
[2025-06-07 09:44:26Z INFO ConfigurationStore] IsConfigured: True
[2025-06-07 09:44:26Z INFO ConfigurationManager] Is configured: True
[2025-06-07 09:44:26Z INFO Runner] Could not parse the argument value '' for StartupType. Defaulting to Manual
[2025-06-07 09:44:26Z INFO Runner] Set runner startup type - Manual
[2025-06-07 09:44:26Z INFO CommandSettings] Flag 'once': 'False'
[2025-06-07 09:44:26Z INFO CommandSettings] Flag 'once': 'False'
[2025-06-07 09:44:26Z INFO Runner] RunAsync
[2025-06-07 09:44:26Z INFO ConfigurationManager] LoadSettings
[2025-06-07 09:44:26Z INFO ConfigurationStore] IsConfigured()
[2025-06-07 09:44:26Z INFO ConfigurationStore] IsConfigured: True
[2025-06-07 09:44:26Z INFO ConfigurationManager] Is configured: True
[2025-06-07 09:44:26Z INFO ConfigurationManager] Settings Loaded
[2025-06-07 09:44:26Z INFO MessageListener] {
  "AgentId": 2,
  "AgentName": "DESKTOP-HSNQT7U",
  "PoolId": 1,
  "PoolName": "Default",
  "ServerUrl": "https://pipelinesghubeus9.actions.githubusercontent.com/uZg9ZokuTMtijaBINblAhPkxssKjaYXceljiMpdHeadynyXitB/",
  "GitHubUrl": "https://github.com/YannickVa/lab5_mlops",
  "WorkFolder": "_school"
}
[2025-06-07 09:44:26Z INFO MessageListener] Loading Credentials
[2025-06-07 09:44:26Z INFO ConfigurationStore] HasCredentials()
[2025-06-07 09:44:26Z INFO ConfigurationStore] stored True
[2025-06-07 09:44:26Z INFO CredentialManager] GetCredentialProvider
[2025-06-07 09:44:26Z INFO CredentialManager] Creating type OAuth
[2025-06-07 09:44:26Z INFO CredentialManager] Creating credential type: OAuth
[2025-06-07 09:44:26Z INFO HostContext] Well known directory 'Bin': 'C:\Users\yanni\Projects\lab5_github\actions-runner\bin'
[2025-06-07 09:44:26Z INFO HostContext] Well known directory 'Root': 'C:\Users\yanni\Projects\lab5_github\actions-runner'
[2025-06-07 09:44:26Z INFO HostContext] Well known config file 'RSACredentials': 'C:\Users\yanni\Projects\lab5_github\actions-runner\.credentials_rsaparams'
[2025-06-07 09:44:26Z INFO RSAEncryptedFileKeyManager] Loading RSA key parameters from file C:\Users\yanni\Projects\lab5_github\actions-runner\.credentials_rsaparams
[2025-06-07 09:44:26Z INFO MessageListener] Attempt to create session.
[2025-06-07 09:44:26Z INFO MessageListener] Connecting to the Runner Server...
[2025-06-07 09:44:26Z INFO RunnerServer] EstablishVssConnection
[2025-06-07 09:44:26Z INFO RunnerServer] Establish connection with 100 seconds timeout.
[2025-06-07 09:44:26Z INFO GitHubActionsService] Starting operation Location.GetConnectionData
[2025-06-07 09:44:26Z INFO RunnerServer] EstablishVssConnection
[2025-06-07 09:44:26Z INFO RunnerServer] Establish connection with 60 seconds timeout.
[2025-06-07 09:44:26Z INFO GitHubActionsService] Starting operation Location.GetConnectionData
[2025-06-07 09:44:26Z INFO RunnerServer] EstablishVssConnection
[2025-06-07 09:44:26Z INFO RunnerServer] Establish connection with 60 seconds timeout.
[2025-06-07 09:44:26Z INFO GitHubActionsService] Starting operation Location.GetConnectionData
[2025-06-07 09:44:27Z INFO GitHubActionsService] Finished operation Location.GetConnectionData
[2025-06-07 09:44:27Z INFO GitHubActionsService] Finished operation Location.GetConnectionData
[2025-06-07 09:44:27Z INFO GitHubActionsService] Finished operation Location.GetConnectionData
[2025-06-07 09:44:27Z INFO MessageListener] VssConnection created
[2025-06-07 09:44:27Z INFO Terminal] WRITE LINE: 
[2025-06-07 09:44:27Z INFO Terminal] WRITE LINE: 
[2025-06-07 09:44:27Z INFO RSAEncryptedFileKeyManager] Loading RSA key parameters from file C:\Users\yanni\Projects\lab5_github\actions-runner\.credentials_rsaparams
[2025-06-07 09:44:27Z INFO RSAEncryptedFileKeyManager] Loading RSA key parameters from file C:\Users\yanni\Projects\lab5_github\actions-runner\.credentials_rsaparams
[2025-06-07 09:44:28Z INFO GitHubActionsService] AAD Correlation ID for this token request: Unknown
[2025-06-07 09:44:28Z INFO MessageListener] Session created.
[2025-06-07 09:44:28Z INFO Terminal] WRITE LINE: Current runner version: '2.311.0'
[2025-06-07 09:44:28Z INFO Terminal] WRITE LINE: 2025-06-07 09:44:28Z: Listening for Jobs
[2025-06-07 09:44:28Z INFO JobDispatcher] Set runner/worker IPC timeout to 30 seconds.
[2025-06-07 09:44:29Z INFO RSAEncryptedFileKeyManager] Loading RSA key parameters from file C:\Users\yanni\Projects\lab5_github\actions-runner\.credentials_rsaparams
[2025-06-07 09:44:29Z INFO MessageListener] Message '1' received from session 'f5c151a4-aa76-4e5c-a872-0dc7ef5cb222'.
[2025-06-07 09:44:29Z INFO HostContext] Well known directory 'Bin': 'C:\Users\yanni\Projects\lab5_github\actions-runner\bin'
[2025-06-07 09:44:29Z INFO HostContext] Well known directory 'Root': 'C:\Users\yanni\Projects\lab5_github\actions-runner'
[2025-06-07 09:44:29Z INFO HostContext] Well known directory 'Work': 'C:\Users\yanni\Projects\lab5_github\actions-runner\_school'
[2025-06-07 09:44:29Z INFO HostContext] Well known directory 'Bin': 'C:\Users\yanni\Projects\lab5_github\actions-runner\bin'
[2025-06-07 09:44:29Z INFO HostContext] Well known directory 'Root': 'C:\Users\yanni\Projects\lab5_github\actions-runner'
[2025-06-07 09:44:29Z INFO HostContext] Well known directory 'Work': 'C:\Users\yanni\Projects\lab5_github\actions-runner\_school'
[2025-06-07 09:44:29Z INFO SelfUpdater] Cloning dotnet runtime to C:\Users\yanni\Projects\lab5_github\actions-runner\_school\__dotnet_runtime__
[2025-06-07 09:44:29Z INFO HostContext] Well known directory 'Bin': 'C:\Users\yanni\Projects\lab5_github\actions-runner\bin'
[2025-06-07 09:44:29Z INFO SelfUpdater] Successfully cloned dotnet runtime to C:\Users\yanni\Projects\lab5_github\actions-runner\_school\__dotnet_runtime__. Total files: 222
[2025-06-07 09:44:29Z INFO SelfUpdater] Cloning externals to C:\Users\yanni\Projects\lab5_github\actions-runner\_school\__externals__
[2025-06-07 09:44:29Z INFO HostContext] Well known directory 'Bin': 'C:\Users\yanni\Projects\lab5_github\actions-runner\bin'
[2025-06-07 09:44:29Z INFO HostContext] Well known directory 'Root': 'C:\Users\yanni\Projects\lab5_github\actions-runner'
[2025-06-07 09:44:29Z INFO HostContext] Well known directory 'Externals': 'C:\Users\yanni\Projects\lab5_github\actions-runner\externals'
[2025-06-07 09:44:29Z INFO SelfUpdater] Successfully cloned externals to C:\Users\yanni\Projects\lab5_github\actions-runner\_school\__externals__.
[2025-06-07 09:44:29Z INFO SelfUpdater] Waiting for 2 tasks to complete.
[2025-06-07 09:44:29Z INFO SelfUpdater] Externals clone finished.
[2025-06-07 09:44:29Z INFO SelfUpdater] Calculating hash for C:\Users\yanni\Projects\lab5_github\actions-runner\_school\__externals__
[2025-06-07 09:44:29Z INFO HostContext] Well known directory 'Bin': 'C:\Users\yanni\Projects\lab5_github\actions-runner\bin'
[2025-06-07 09:44:29Z INFO HostContext] Well known directory 'Bin': 'C:\Users\yanni\Projects\lab5_github\actions-runner\bin'
[2025-06-07 09:44:29Z INFO HostContext] Well known directory 'Root': 'C:\Users\yanni\Projects\lab5_github\actions-runner'
[2025-06-07 09:44:29Z INFO HostContext] Well known directory 'Externals': 'C:\Users\yanni\Projects\lab5_github\actions-runner\externals'
[2025-06-07 09:44:29Z INFO ProcessInvokerWrapper] Starting process:
[2025-06-07 09:44:29Z INFO ProcessInvokerWrapper]   File name: 'C:\Users\yanni\Projects\lab5_github\actions-runner\externals\node16\bin\node.exe'
[2025-06-07 09:44:29Z INFO ProcessInvokerWrapper]   Arguments: '"C:\Users\yanni\Projects\lab5_github\actions-runner\bin\hashFiles"'
[2025-06-07 09:44:29Z INFO ProcessInvokerWrapper]   Working directory: 'C:\Users\yanni\Projects\lab5_github\actions-runner\_school\__externals__'
[2025-06-07 09:44:29Z INFO ProcessInvokerWrapper]   Require exit code zero: 'False'
[2025-06-07 09:44:29Z INFO ProcessInvokerWrapper]   Encoding web name:  ; code page: ''
[2025-06-07 09:44:29Z INFO ProcessInvokerWrapper]   Force kill process on cancellation: 'True'
[2025-06-07 09:44:29Z INFO ProcessInvokerWrapper]   Redirected STDIN: 'False'
[2025-06-07 09:44:29Z INFO ProcessInvokerWrapper]   Persist current code page: 'False'
[2025-06-07 09:44:29Z INFO ProcessInvokerWrapper]   Keep redirected STDIN open: 'False'
[2025-06-07 09:44:29Z INFO ProcessInvokerWrapper]   High priority process: 'False'
[2025-06-07 09:44:30Z INFO ProcessInvokerWrapper] Process started with process id 123648, waiting for process exit.
[2025-06-07 09:44:30Z INFO Runner] Refresh message received, kick-off selfupdate background process.
[2025-06-07 09:44:30Z INFO SelfUpdater] Version '2.325.0' of 'agent' package available in server.
[2025-06-07 09:44:30Z INFO SelfUpdater] Current running runner version is 2.311.0
[2025-06-07 09:44:30Z INFO SelfUpdater] An update is available.
[2025-06-07 09:44:30Z INFO Terminal] WRITE LINE: Runner update in progress, do not shutdown runner.
[2025-06-07 09:44:30Z INFO SelfUpdater] CloneDotnetRuntimeTime: 337ms
[2025-06-07 09:44:30Z INFO SelfUpdater] CloneExternalsTime: 41ms
[2025-06-07 09:44:30Z INFO SelfUpdater] RunnerPlatform: win-x64
[2025-06-07 09:44:30Z INFO Terminal] WRITE LINE: Downloading 2.325.0 runner
[2025-06-07 09:44:30Z INFO SelfUpdater] Hash result: '433a6d748742d12abd20dc2a79b62ac3d9718ae47ef26f8e84dc8c180eea3659'
[2025-06-07 09:44:30Z INFO ProcessInvokerWrapper] STDOUT/STDERR stream read finished.
[2025-06-07 09:44:30Z INFO ProcessInvokerWrapper] STDOUT/STDERR stream read finished.
[2025-06-07 09:44:30Z INFO ProcessInvokerWrapper] Finished process 123648 with exit code 0, and elapsed time 00:00:00.5282508.
[2025-06-07 09:44:30Z INFO SelfUpdater] Externals content hash: 433a6d748742d12abd20dc2a79b62ac3d9718ae47ef26f8e84dc8c180eea3659
[2025-06-07 09:44:30Z INFO SelfUpdater] Still waiting for 1 tasks to complete.
[2025-06-07 09:44:30Z INFO SelfUpdater] Waiting for 1 tasks to complete.
[2025-06-07 09:44:30Z INFO SelfUpdater] Dotnet runtime clone finished.
[2025-06-07 09:44:30Z INFO SelfUpdater] Calculating hash for C:\Users\yanni\Projects\lab5_github\actions-runner\_school\__dotnet_runtime__
[2025-06-07 09:44:30Z INFO HostContext] Well known directory 'Bin': 'C:\Users\yanni\Projects\lab5_github\actions-runner\bin'
[2025-06-07 09:44:30Z INFO HostContext] Well known directory 'Bin': 'C:\Users\yanni\Projects\lab5_github\actions-runner\bin'
[2025-06-07 09:44:30Z INFO HostContext] Well known directory 'Root': 'C:\Users\yanni\Projects\lab5_github\actions-runner'
[2025-06-07 09:44:30Z INFO HostContext] Well known directory 'Externals': 'C:\Users\yanni\Projects\lab5_github\actions-runner\externals'
[2025-06-07 09:44:30Z INFO ProcessInvokerWrapper] Starting process:
[2025-06-07 09:44:30Z INFO ProcessInvokerWrapper]   File name: 'C:\Users\yanni\Projects\lab5_github\actions-runner\externals\node16\bin\node.exe'
[2025-06-07 09:44:30Z INFO ProcessInvokerWrapper]   Arguments: '"C:\Users\yanni\Projects\lab5_github\actions-runner\bin\hashFiles"'
[2025-06-07 09:44:30Z INFO ProcessInvokerWrapper]   Working directory: 'C:\Users\yanni\Projects\lab5_github\actions-runner\_school\__dotnet_runtime__'
[2025-06-07 09:44:30Z INFO ProcessInvokerWrapper]   Require exit code zero: 'False'
[2025-06-07 09:44:30Z INFO ProcessInvokerWrapper]   Encoding web name:  ; code page: ''
[2025-06-07 09:44:30Z INFO ProcessInvokerWrapper]   Force kill process on cancellation: 'True'
[2025-06-07 09:44:30Z INFO ProcessInvokerWrapper]   Redirected STDIN: 'False'
[2025-06-07 09:44:30Z INFO ProcessInvokerWrapper]   Persist current code page: 'False'
[2025-06-07 09:44:30Z INFO ProcessInvokerWrapper]   Keep redirected STDIN open: 'False'
[2025-06-07 09:44:30Z INFO ProcessInvokerWrapper]   High priority process: 'False'
[2025-06-07 09:44:30Z INFO ProcessInvokerWrapper] Kill entire process tree since both cancel and terminate signal has been ignored by the target process.
[2025-06-07 09:44:30Z INFO ProcessInvokerWrapper] Scan all processes to find relationship between all processes.
[2025-06-07 09:44:30Z INFO ProcessInvokerWrapper] Find all child processes of process '126648'.
[2025-06-07 09:44:30Z INFO ProcessInvokerWrapper] Need kill all child processes trees before kill process '126648'.
[2025-06-07 09:44:30Z INFO ProcessInvokerWrapper] Child process '126620' needs be killed first.
[2025-06-07 09:44:30Z INFO ProcessInvokerWrapper] Find all child processes of process '126620'.
[2025-06-07 09:44:30Z INFO ProcessInvokerWrapper] Kill process '126620'.
[2025-06-07 09:44:30Z INFO ProcessInvokerWrapper] Kill process '126648'.
[2025-06-07 09:44:30Z INFO ProcessInvokerWrapper] Process started with process id 126648, waiting for process exit.
[2025-06-07 09:44:30Z INFO ProcessInvokerWrapper] STDOUT/STDERR stream read finished.
[2025-06-07 09:44:30Z INFO ProcessInvokerWrapper] STDOUT/STDERR stream read finished.
[2025-06-07 09:44:30Z INFO ProcessInvokerWrapper] Process Cancellation finished.
[2025-06-07 09:44:30Z INFO ProcessInvokerWrapper] Finished process 126648 with exit code -1, and elapsed time 00:00:00.0653369.
[2025-06-07 09:44:30Z ERR  SelfUpdater] Fail to hash runtime content: System.OperationCanceledException: The operation was canceled.
   at System.Threading.CancellationToken.ThrowOperationCanceledException()
   at GitHub.Runner.Sdk.ProcessInvoker.ExecuteAsync(String workingDirectory, String fileName, String arguments, IDictionary`2 environment, Boolean requireExitCodeZero, Encoding outputEncoding, Boolean killProcessOnCancel, Channel`1 redirectStandardIn, Boolean inheritConsoleHandler, Boolean keepStandardInOpen, Boolean highPriorityProcess, CancellationToken cancellationToken)
   at GitHub.Runner.Common.ProcessInvokerWrapper.ExecuteAsync(String workingDirectory, String fileName, String arguments, IDictionary`2 environment, Boolean requireExitCodeZero, Encoding outputEncoding, Boolean killProcessOnCancel, Channel`1 redirectStandardIn, Boolean inheritConsoleHandler, Boolean keepStandardInOpen, Boolean highPriorityProcess, CancellationToken cancellationToken)
   at GitHub.Runner.Listener.SelfUpdater.HashFiles(String fileFolder, CancellationToken token)
   at GitHub.Runner.Listener.SelfUpdater.CloneAndCalculateAssetsHash(String dotnetRuntimeCloneDirectory, String externalsCloneDirectory, CancellationToken token)
[2025-06-07 09:44:30Z INFO SelfUpdater] Still waiting for 0 tasks to complete.
[2025-06-07 09:44:30Z INFO HostContext] Well known directory 'Bin': 'C:\Users\yanni\Projects\lab5_github\actions-runner\bin'
[2025-06-07 09:44:30Z INFO HostContext] Well known directory 'Root': 'C:\Users\yanni\Projects\lab5_github\actions-runner'
[2025-06-07 09:44:30Z INFO HostContext] Well known directory 'Work': 'C:\Users\yanni\Projects\lab5_github\actions-runner\_school'
[2025-06-07 09:44:30Z INFO SelfUpdater] Attempt 1: save latest runner into C:\Users\yanni\Projects\lab5_github\actions-runner\_school\_update\runner1.zip.
[2025-06-07 09:44:30Z INFO SelfUpdater] Download runner: begin download
[2025-06-07 09:44:30Z INFO SelfUpdater] Downloading https://github.com/actions/runner/releases/download/v2.325.0/actions-runner-win-x64-2.325.0.zip
[2025-06-07 09:44:38Z INFO SelfUpdater] Download runner: finished download
[2025-06-07 09:44:38Z INFO SelfUpdater] Validated Runner Hash matches C:\Users\yanni\Projects\lab5_github\actions-runner\_school\_update\runner1.zip : 8601aa56828c084b29bdfda574af1fcde0943ce275fdbafb3e6d4a8611245b1b
[2025-06-07 09:44:38Z INFO SelfUpdater] Finished getting latest runner package at: C:\Users\yanni\Projects\lab5_github\actions-runner\_school\_update.
[2025-06-07 09:44:38Z INFO HostContext] Well known directory 'Bin': 'C:\Users\yanni\Projects\lab5_github\actions-runner\bin'
[2025-06-07 09:44:38Z INFO HostContext] Well known directory 'Root': 'C:\Users\yanni\Projects\lab5_github\actions-runner'
[2025-06-07 09:44:38Z INFO SelfUpdater] Copy C:\Users\yanni\Projects\lab5_github\actions-runner\_school\_update\bin to C:\Users\yanni\Projects\lab5_github\actions-runner\bin.2.325.0.
[2025-06-07 09:44:39Z INFO HostContext] Well known directory 'Bin': 'C:\Users\yanni\Projects\lab5_github\actions-runner\bin'
[2025-06-07 09:44:39Z INFO HostContext] Well known directory 'Root': 'C:\Users\yanni\Projects\lab5_github\actions-runner'
[2025-06-07 09:44:39Z INFO SelfUpdater] Copy C:\Users\yanni\Projects\lab5_github\actions-runner\_school\_update\externals to C:\Users\yanni\Projects\lab5_github\actions-runner\externals.2.325.0.
[2025-06-07 09:44:39Z INFO SelfUpdater] Copy any remaining .sh/.cmd files into runner root.
[2025-06-07 09:44:39Z INFO HostContext] Well known directory 'Bin': 'C:\Users\yanni\Projects\lab5_github\actions-runner\bin'
[2025-06-07 09:44:39Z INFO HostContext] Well known directory 'Root': 'C:\Users\yanni\Projects\lab5_github\actions-runner'
[2025-06-07 09:44:39Z INFO SelfUpdater] Copy C:\Users\yanni\Projects\lab5_github\actions-runner\_school\_update\config.cmd to C:\Users\yanni\Projects\lab5_github\actions-runner\config.cmd
[2025-06-07 09:44:39Z INFO HostContext] Well known directory 'Bin': 'C:\Users\yanni\Projects\lab5_github\actions-runner\bin'
[2025-06-07 09:44:39Z INFO HostContext] Well known directory 'Root': 'C:\Users\yanni\Projects\lab5_github\actions-runner'
[2025-06-07 09:44:39Z INFO SelfUpdater] Copy C:\Users\yanni\Projects\lab5_github\actions-runner\_school\_update\run-helper.cmd.template to C:\Users\yanni\Projects\lab5_github\actions-runner\run-helper.cmd.template
[2025-06-07 09:44:39Z INFO HostContext] Well known directory 'Bin': 'C:\Users\yanni\Projects\lab5_github\actions-runner\bin'
[2025-06-07 09:44:39Z INFO HostContext] Well known directory 'Root': 'C:\Users\yanni\Projects\lab5_github\actions-runner'
[2025-06-07 09:44:39Z INFO SelfUpdater] Copy C:\Users\yanni\Projects\lab5_github\actions-runner\_school\_update\run-helper.sh.template to C:\Users\yanni\Projects\lab5_github\actions-runner\run-helper.sh.template
[2025-06-07 09:44:39Z INFO HostContext] Well known directory 'Bin': 'C:\Users\yanni\Projects\lab5_github\actions-runner\bin'
[2025-06-07 09:44:39Z INFO HostContext] Well known directory 'Root': 'C:\Users\yanni\Projects\lab5_github\actions-runner'
[2025-06-07 09:44:39Z INFO SelfUpdater] Copy C:\Users\yanni\Projects\lab5_github\actions-runner\_school\_update\run.cmd to C:\Users\yanni\Projects\lab5_github\actions-runner\run.cmd
[2025-06-07 09:44:39Z INFO SelfUpdater] Download latest runner and unzip into runner root.
[2025-06-07 09:44:39Z INFO Terminal] WRITE LINE: Waiting for current job finish running.
[2025-06-07 09:44:39Z INFO SelfUpdater] DownloadUrl: https://github.com/actions/runner/releases/download/v2.325.0/actions-runner-win-x64-2.325.0.zip
[2025-06-07 09:44:39Z INFO SelfUpdater] RuntimeTrimmed: False
[2025-06-07 09:44:39Z INFO SelfUpdater] ExternalsTrimmed: False
[2025-06-07 09:44:39Z INFO SelfUpdater] PackageDownloadTime: 7594ms
[2025-06-07 09:44:39Z INFO SelfUpdater] Attempts: 1
[2025-06-07 09:44:39Z INFO SelfUpdater] PackageSize: 60MB
[2025-06-07 09:44:39Z INFO SelfUpdater] ValidateHashTime: 115ms
[2025-06-07 09:44:39Z INFO SelfUpdater] PackageExtractTime: 762ms
[2025-06-07 09:44:39Z INFO SelfUpdater] CopyRunnerToRootTime: 254ms
[2025-06-07 09:44:39Z INFO SelfUpdater] All running job has exited.
[2025-06-07 09:44:39Z INFO HostContext] Well known directory 'Bin': 'C:\Users\yanni\Projects\lab5_github\actions-runner\bin'
[2025-06-07 09:44:39Z INFO HostContext] Well known directory 'Root': 'C:\Users\yanni\Projects\lab5_github\actions-runner'
[2025-06-07 09:44:39Z INFO HostContext] Well known directory 'Bin': 'C:\Users\yanni\Projects\lab5_github\actions-runner\bin'
[2025-06-07 09:44:39Z INFO HostContext] Well known directory 'Root': 'C:\Users\yanni\Projects\lab5_github\actions-runner'
[2025-06-07 09:44:39Z INFO HostContext] Well known directory 'Bin': 'C:\Users\yanni\Projects\lab5_github\actions-runner\bin'
[2025-06-07 09:44:39Z INFO HostContext] Well known directory 'Root': 'C:\Users\yanni\Projects\lab5_github\actions-runner'
[2025-06-07 09:44:39Z INFO SelfUpdater] Delete old version runner backup.
[2025-06-07 09:44:39Z INFO Terminal] WRITE LINE: Generate and execute update script.
[2025-06-07 09:44:39Z INFO SelfUpdater] DeleteRunnerBackupTime: 3ms
[2025-06-07 09:44:39Z INFO HostContext] Well known directory 'Bin': 'C:\Users\yanni\Projects\lab5_github\actions-runner\bin'
[2025-06-07 09:44:39Z INFO HostContext] Well known directory 'Root': 'C:\Users\yanni\Projects\lab5_github\actions-runner'
[2025-06-07 09:44:39Z INFO HostContext] Well known directory 'Diag': 'C:\Users\yanni\Projects\lab5_github\actions-runner\_diag'
[2025-06-07 09:44:39Z INFO HostContext] Well known directory 'Bin': 'C:\Users\yanni\Projects\lab5_github\actions-runner\bin'
[2025-06-07 09:44:39Z INFO HostContext] Well known directory 'Root': 'C:\Users\yanni\Projects\lab5_github\actions-runner'
[2025-06-07 09:44:39Z INFO HostContext] Well known directory 'Bin': 'C:\Users\yanni\Projects\lab5_github\actions-runner\bin'
[2025-06-07 09:44:39Z INFO HostContext] Well known directory 'Root': 'C:\Users\yanni\Projects\lab5_github\actions-runner'
[2025-06-07 09:44:39Z INFO HostContext] Well known directory 'Work': 'C:\Users\yanni\Projects\lab5_github\actions-runner\_school'
[2025-06-07 09:44:39Z INFO SelfUpdater] Generate update script into: C:\Users\yanni\Projects\lab5_github\actions-runner\_school\_update.cmd
[2025-06-07 09:44:39Z INFO SelfUpdater] Which: 'cmd.exe'
[2025-06-07 09:44:39Z INFO SelfUpdater] Location: 'C:\WINDOWS\system32\cmd.exe'
[2025-06-07 09:44:39Z INFO SelfUpdater] Update script start running
[2025-06-07 09:44:39Z INFO Terminal] WRITE LINE: Runner will exit shortly for update, should be back online within 10 seconds.
[2025-06-07 09:44:39Z INFO SelfUpdater] TotalUpdateTime: 10040ms
[2025-06-07 09:44:39Z INFO Terminal] WRITE LINE: Runner update process finished.
[2025-06-07 09:44:39Z INFO Runner] Auto update task finished at backend, an runner update is ready to apply exit the current runner instance.
[2025-06-07 09:44:39Z INFO Runner] Stop message queue looping.
[2025-06-07 09:44:39Z WARN GitHubActionsService] GET request to https://pipelinesghubeus9.actions.githubusercontent.com/uZg9ZokuTMtijaBINblAhPkxssKjaYXceljiMpdHeadynyXitB/_apis/distributedtask/pools/1/messages?sessionId=f5c151a4-aa76-4e5c-a872-0dc7ef5cb222&lastMessageId=1&status=Online&runnerVersion=2.311.0&os=Windows&architecture=X64 has been cancelled.
[2025-06-07 09:44:39Z INFO MessageListener] Get next message has been cancelled.
[2025-06-07 09:44:39Z INFO Runner] Ignore any exception after cancel message loop. System.Threading.Tasks.TaskCanceledException: The operation was canceled.
 ---> System.IO.IOException: Unable to read data from the transport connection: The I/O operation has been aborted because of either a thread exit or an application request..
 ---> System.Net.Sockets.SocketException (995): The I/O operation has been aborted because of either a thread exit or an application request.
   --- End of inner exception stack trace ---
   at System.Net.Sockets.Socket.AwaitableSocketAsyncEventArgs.ThrowException(SocketError error, CancellationToken cancellationToken)
   at System.Net.Sockets.Socket.AwaitableSocketAsyncEventArgs.System.Threading.Tasks.Sources.IValueTaskSource<System.Int32>.GetResult(Int16 token)
   at System.Net.Security.SslStream.EnsureFullTlsFrameAsync[TIOAdapter](TIOAdapter adapter)
   at System.Net.Security.SslStream.ReadAsyncInternal[TIOAdapter](TIOAdapter adapter, Memory`1 buffer)
   at System.Net.Http.HttpConnection.SendAsyncCore(HttpRequestMessage request, Boolean async, CancellationToken cancellationToken)
   --- End of inner exception stack trace ---
   at System.Net.Http.HttpClient.HandleFailure(Exception e, Boolean telemetryStarted, HttpResponseMessage response, CancellationTokenSource cts, CancellationToken cancellationToken, CancellationTokenSource pendingRequestsCts)
   at System.Net.Http.HttpClient.<SendAsync>g__Core|83_0(HttpRequestMessage request, HttpCompletionOption completionOption, CancellationTokenSource cts, Boolean disposeCts, CancellationTokenSource pendingRequestsCts, CancellationToken originalCancellationToken)
   at GitHub.Services.WebApi.VssHttpClientBase.SendAsync(HttpRequestMessage message, HttpCompletionOption completionOption, Object userState, CancellationToken cancellationToken)
   at GitHub.Services.WebApi.VssHttpClientBase.SendAsync[T](HttpRequestMessage message, Object userState, CancellationToken cancellationToken)
   at GitHub.Services.WebApi.VssHttpClientBase.SendAsync[T](HttpMethod method, IEnumerable`1 additionalHeaders, Guid locationId, Object routeValues, ApiResourceVersion version, HttpContent content, IEnumerable`1 queryParameters, Object userState, CancellationToken cancellationToken)
   at GitHub.Runner.Listener.MessageListener.GetNextMessageAsync(CancellationToken token)
   at GitHub.Runner.Listener.Runner.RunAsync(RunnerSettings settings, Boolean runOnce)
[2025-06-07 09:44:39Z INFO JobDispatcher] Shutting down JobDispatcher. Make sure all WorkerDispatcher has finished.
[2025-06-07 09:44:40Z INFO Listener] Runner execution has finished with return code 3
