[2025-06-07 09:41:52Z INFO HostContext] No proxy settings were found based on environmental variables (http_proxy/https_proxy/HTTP_PROXY/HTTPS_PROXY)
[2025-06-07 09:41:52Z INFO HostContext] Well known directory 'Bin': 'C:\Users\yanni\Projects\lab5_github\actions-runner\bin'
[2025-06-07 09:41:52Z INFO HostContext] Well known directory 'Root': 'C:\Users\yanni\Projects\lab5_github\actions-runner'
[2025-06-07 09:41:52Z INFO HostContext] Well known config file 'Credentials': 'C:\Users\yanni\Projects\lab5_github\actions-runner\.credentials'
[2025-06-07 09:41:52Z INFO HostContext] Well known directory 'Bin': 'C:\Users\yanni\Projects\lab5_github\actions-runner\bin'
[2025-06-07 09:41:52Z INFO HostContext] Well known directory 'Root': 'C:\Users\yanni\Projects\lab5_github\actions-runner'
[2025-06-07 09:41:52Z INFO HostContext] Well known config file 'Runner': 'C:\Users\yanni\Projects\lab5_github\actions-runner\.runner'
[2025-06-07 09:41:52Z INFO Listener] Runner is built for Windows (X64) - win-x64.
[2025-06-07 09:41:52Z INFO Listener] RuntimeInformation: Microsoft Windows 10.0.26100.
[2025-06-07 09:41:52Z INFO Listener] Version: 2.311.0
[2025-06-07 09:41:52Z INFO Listener] Commit: f5cff308c83746dddd726a9a28a1583872305aaa
[2025-06-07 09:41:52Z INFO Listener] Culture: en-BE
[2025-06-07 09:41:52Z INFO Listener] UI Culture: en-US
[2025-06-07 09:41:52Z INFO HostContext] Well known directory 'Bin': 'C:\Users\yanni\Projects\lab5_github\actions-runner\bin'
[2025-06-07 09:41:52Z INFO HostContext] Well known directory 'Root': 'C:\Users\yanni\Projects\lab5_github\actions-runner'
[2025-06-07 09:41:52Z INFO Listener] Validating directory permissions for: 'C:\Users\yanni\Projects\lab5_github\actions-runner'
[2025-06-07 09:41:52Z INFO CommandLineParser] Parse
[2025-06-07 09:41:52Z INFO CommandLineParser] Parsing 1 args
[2025-06-07 09:41:52Z INFO CommandLineParser] parsing argument
[2025-06-07 09:41:52Z INFO CommandLineParser] HasArgs: False
[2025-06-07 09:41:52Z INFO CommandLineParser] Adding Command: configure
[2025-06-07 09:41:52Z INFO Listener] Arguments parsed
[2025-06-07 09:41:52Z INFO Runner] ExecuteCommand
[2025-06-07 09:41:52Z INFO ConfigurationStore] currentAssemblyLocation: C:\Users\yanni\Projects\lab5_github\actions-runner\bin\Runner.Listener.dll
[2025-06-07 09:41:52Z INFO HostContext] Well known directory 'Bin': 'C:\Users\yanni\Projects\lab5_github\actions-runner\bin'
[2025-06-07 09:41:52Z INFO ConfigurationStore] binPath: C:\Users\yanni\Projects\lab5_github\actions-runner\bin
[2025-06-07 09:41:52Z INFO HostContext] Well known directory 'Bin': 'C:\Users\yanni\Projects\lab5_github\actions-runner\bin'
[2025-06-07 09:41:52Z INFO HostContext] Well known directory 'Root': 'C:\Users\yanni\Projects\lab5_github\actions-runner'
[2025-06-07 09:41:52Z INFO ConfigurationStore] RootFolder: C:\Users\yanni\Projects\lab5_github\actions-runner
[2025-06-07 09:41:52Z INFO HostContext] Well known directory 'Bin': 'C:\Users\yanni\Projects\lab5_github\actions-runner\bin'
[2025-06-07 09:41:52Z INFO HostContext] Well known directory 'Root': 'C:\Users\yanni\Projects\lab5_github\actions-runner'
[2025-06-07 09:41:52Z INFO HostContext] Well known config file 'Runner': 'C:\Users\yanni\Projects\lab5_github\actions-runner\.runner'
[2025-06-07 09:41:52Z INFO ConfigurationStore] ConfigFilePath: C:\Users\yanni\Projects\lab5_github\actions-runner\.runner
[2025-06-07 09:41:52Z INFO HostContext] Well known directory 'Bin': 'C:\Users\yanni\Projects\lab5_github\actions-runner\bin'
[2025-06-07 09:41:52Z INFO HostContext] Well known directory 'Root': 'C:\Users\yanni\Projects\lab5_github\actions-runner'
[2025-06-07 09:41:52Z INFO HostContext] Well known config file 'Credentials': 'C:\Users\yanni\Projects\lab5_github\actions-runner\.credentials'
[2025-06-07 09:41:52Z INFO ConfigurationStore] CredFilePath: C:\Users\yanni\Projects\lab5_github\actions-runner\.credentials
[2025-06-07 09:41:52Z INFO HostContext] Well known directory 'Bin': 'C:\Users\yanni\Projects\lab5_github\actions-runner\bin'
[2025-06-07 09:41:52Z INFO HostContext] Well known directory 'Root': 'C:\Users\yanni\Projects\lab5_github\actions-runner'
[2025-06-07 09:41:52Z INFO HostContext] Well known config file 'MigratedCredentials': 'C:\Users\yanni\Projects\lab5_github\actions-runner\.credentials_migrated'
[2025-06-07 09:41:52Z INFO ConfigurationStore] MigratedCredFilePath: C:\Users\yanni\Projects\lab5_github\actions-runner\.credentials_migrated
[2025-06-07 09:41:52Z INFO HostContext] Well known directory 'Bin': 'C:\Users\yanni\Projects\lab5_github\actions-runner\bin'
[2025-06-07 09:41:52Z INFO HostContext] Well known directory 'Root': 'C:\Users\yanni\Projects\lab5_github\actions-runner'
[2025-06-07 09:41:52Z INFO HostContext] Well known config file 'Service': 'C:\Users\yanni\Projects\lab5_github\actions-runner\.service'
[2025-06-07 09:41:52Z INFO ConfigurationStore] ServiceConfigFilePath: C:\Users\yanni\Projects\lab5_github\actions-runner\.service
[2025-06-07 09:41:52Z INFO CommandSettings] Flag 'help': 'False'
[2025-06-07 09:41:52Z INFO CommandSettings] Flag 'version': 'False'
[2025-06-07 09:41:52Z INFO CommandSettings] Flag 'commit': 'False'
[2025-06-07 09:41:52Z INFO CommandSettings] Flag 'check': 'False'
[2025-06-07 09:41:52Z INFO CommandSettings] Command 'configure': 'True'
[2025-06-07 09:41:52Z INFO Terminal] WRITE LINE: 
[2025-06-07 09:41:52Z INFO Terminal] WRITE LINE: --------------------------------------------------------------------------------
[2025-06-07 09:41:52Z INFO Terminal] WRITE LINE: |        ____ _ _   _   _       _          _        _   _                      |
[2025-06-07 09:41:52Z INFO Terminal] WRITE LINE: |       / ___(_) |_| | | |_   _| |__      / \   ___| |_(_) ___  _ __  ___      |
[2025-06-07 09:41:52Z INFO Terminal] WRITE LINE: |      | |  _| | __| |_| | | | | '_ \    / _ \ / __| __| |/ _ \| '_ \/ __|     |
[2025-06-07 09:41:52Z INFO Terminal] WRITE LINE: |      | |_| | | |_|  _  | |_| | |_) |  / ___ \ (__| |_| | (_) | | | \__ \     |
[2025-06-07 09:41:52Z INFO Terminal] WRITE LINE: |       \____|_|\__|_| |_|\__,_|_.__/  /_/   \_\___|\__|_|\___/|_| |_|___/     |
[2025-06-07 09:41:52Z INFO Terminal] WRITE LINE: |                                                                              |
[2025-06-07 09:41:52Z INFO Terminal] WRITE: |                       
[2025-06-07 09:41:52Z INFO Terminal] WRITE: Self-hosted runner registration
[2025-06-07 09:41:52Z INFO Terminal] WRITE LINE:                         |
[2025-06-07 09:41:52Z INFO Terminal] WRITE LINE: |                                                                              |
[2025-06-07 09:41:52Z INFO Terminal] WRITE LINE: --------------------------------------------------------------------------------
[2025-06-07 09:41:52Z INFO ConfigurationManager] ConfigureAsync
[2025-06-07 09:41:52Z INFO CommandSettings] Flag 'generateServiceConfig': 'False'
[2025-06-07 09:41:52Z INFO ConfigurationStore] IsConfigured()
[2025-06-07 09:41:52Z INFO ConfigurationStore] IsConfigured: False
[2025-06-07 09:41:52Z INFO ConfigurationManager] Is configured: False
[2025-06-07 09:41:52Z INFO CommandSettings] Arg 'url': ''
[2025-06-07 09:41:52Z INFO CommandSettings] Flag 'unattended': 'False'
[2025-06-07 09:41:52Z INFO PromptManager] ReadValue
[2025-06-07 09:41:52Z INFO Terminal] WRITE: What is the URL of your repository? 
[2025-06-07 09:41:52Z INFO Terminal] READ LINE
[2025-06-07 09:42:18Z INFO Terminal] Read value: 'https://github.com/YannickVa/lab5_mlops.git'
[2025-06-07 09:42:18Z INFO CommandSettings] Arg 'token': ''
[2025-06-07 09:42:18Z INFO CommandSettings] Flag 'unattended': 'False'
[2025-06-07 09:42:18Z INFO PromptManager] ReadValue
[2025-06-07 09:42:18Z INFO Terminal] WRITE: What is your runner register token? 
[2025-06-07 09:42:18Z INFO Terminal] READ SECRET
[2025-06-07 09:42:45Z INFO Terminal] Read value: '***'
[2025-06-07 09:42:46Z ERR  Terminal] WRITE ERROR: Http response code: NotFound from 'POST https://api.github.com/actions/runner-registration' (Request Id: E694:B4ABB:3401D48:35F9C06:68440998)
[2025-06-07 09:42:46Z ERR  Terminal] WRITE ERROR: {"message":"Not Found","documentation_url":"https://docs.github.com/rest","status":"404"}
[2025-06-07 09:42:46Z ERR  Runner] System.Net.Http.HttpRequestException: Response status code does not indicate success: 404 (Not Found).
   at System.Net.Http.HttpResponseMessage.EnsureSuccessStatusCode()
   at GitHub.Runner.Listener.Configuration.ConfigurationManager.GetTenantCredential(String githubUrl, String githubToken, String runnerEvent)
   at GitHub.Runner.Listener.Configuration.ConfigurationManager.ConfigureAsync(CommandSettings command)
   at GitHub.Runner.Listener.Runner.ExecuteCommand(CommandSettings command)
[2025-06-07 09:42:46Z ERR  Terminal] WRITE ERROR: Response status code does not indicate success: 404 (Not Found).
[2025-06-07 09:42:46Z INFO Listener] Runner execution has finished with return code 1
